TypeSpec compiler v1.12.0

- Compiling...
ΓÜá Compiling
Diagnostics were reported during compilation:

[36mdocs/generated-tsp/MachineLearningServices.Management.v2022_01_01_preview/PrivateEndpointConnection.tsp[39m:[33m19[39m:[33m6[39m - [33mwarning[39m [90m@azure-tools/typespec-azure-core/no-legacy-usage[39m: Referencing elements inside Legacy namespace "Azure.ResourceManager.Legacy" is not allowed.
> 19 |   is Azure.ResourceManager.Legacy.TrackedResourceWithOptionalLocation<PrivateEndpointConnectionProperties> {
     |      ^^^^^^^^^^^^^^^^^^^^^^^^^^^^^^^^^^^^^^^^^^^^^^^^^^^^^^^^^^^^^^^^^^^^^^^^^^^^^^^^^^^^^^^^^^^^^^^^^^^^^
[36mdocs/generated-tsp/MachineLearningServices.Management.v2022_01_01_preview/Workspace.tsp[39m:[33m17[39m:[33m6[39m - [33mwarning[39m [90m@azure-tools/typespec-azure-core/no-legacy-usage[39m: Referencing elements inside Legacy namespace "Azure.ResourceManager.Legacy" is not allowed.
> 17 |   is Azure.ResourceManager.Legacy.TrackedResourceWithOptionalLocation<WorkspaceProperties> {
     |      ^^^^^^^^^^^^^^^^^^^^^^^^^^^^^^^^^^^^^^^^^^^^^^^^^^^^^^^^^^^^^^^^^^^^^^^^^^^^^^^^^^^^^
[36mdocs/generated-tsp/MachineLearningServices.Management.v2022_01_01_preview/models.tsp[39m:[33m1466[39m:[33m3[39m - [33mwarning[39m [90m@azure-tools/typespec-azure-resource-manager/missing-x-ms-identifiers[39m: Missing identifying properties of objects in the array item, please add @identifiers(#["<prop>"]) to specify it. If there are no appropriate identifying properties, please add @identifiers(#[]).
> 1466 |   userDefinedRouteResults?: DiagnoseResult[];
       |   ^^^^^^^^^^^^^^^^^^^^^^^
[36mdocs/generated-tsp/MachineLearningServices.Management.v2022_01_01_preview/models.tsp[39m:[33m1468[39m:[33m3[39m - [33mwarning[39m [90m@azure-tools/typespec-azure-resource-manager/missing-x-ms-identifiers[39m: Missing identifying properties of objects in the array item, please add @identifiers(#["<prop>"]) to specify it. If there are no appropriate identifying properties, please add @identifiers(#[]).
> 1468 |   networkSecurityRuleResults?: DiagnoseResult[];
       |   ^^^^^^^^^^^^^^^^^^^^^^^^^^
[36mdocs/generated-tsp/MachineLearningServices.Management.v2022_01_01_preview/models.tsp[39m:[33m1470[39m:[33m3[39m - [33mwarning[39m [90m@azure-tools/typespec-azure-resource-manager/missing-x-ms-identifiers[39m: Missing identifying properties of objects in the array item, please add @identifiers(#["<prop>"]) to specify it. If there are no appropriate identifying properties, please add @identifiers(#[]).
> 1470 |   resourceLockResults?: DiagnoseResult[];
       |   ^^^^^^^^^^^^^^^^^^^
[36mdocs/generated-tsp/MachineLearningServices.Management.v2022_01_01_preview/models.tsp[39m:[33m1472[39m:[33m3[39m - [33mwarning[39m [90m@azure-tools/typespec-azure-resource-manager/missing-x-ms-identifiers[39m: Missing identifying properties of objects in the array item, please add @identifiers(#["<prop>"]) to specify it. If there are no appropriate identifying properties, please add @identifiers(#[]).
> 1472 |   dnsResolutionResults?: DiagnoseResult[];
       |   ^^^^^^^^^^^^^^^^^^^^
[36mdocs/generated-tsp/MachineLearningServices.Management.v2022_01_01_preview/models.tsp[39m:[33m1474[39m:[33m3[39m - [33mwarning[39m [90m@azure-tools/typespec-azure-resource-manager/missing-x-ms-identifiers[39m: Missing identifying properties of objects in the array item, please add @identifiers(#["<prop>"]) to specify it. If there are no appropriate identifying properties, please add @identifiers(#[]).
> 1474 |   storageAccountResults?: DiagnoseResult[];
       |   ^^^^^^^^^^^^^^^^^^^^^
[36mdocs/generated-tsp/MachineLearningServices.Management.v2022_01_01_preview/models.tsp[39m:[33m1476[39m:[33m3[39m - [33mwarning[39m [90m@azure-tools/typespec-azure-resource-manager/missing-x-ms-identifiers[39m: Missing identifying properties of objects in the array item, please add @identifiers(#["<prop>"]) to specify it. If there are no appropriate identifying properties, please add @identifiers(#[]).
> 1476 |   keyVaultResults?: DiagnoseResult[];
       |   ^^^^^^^^^^^^^^^
[36mdocs/generated-tsp/MachineLearningServices.Management.v2022_01_01_preview/models.tsp[39m:[33m1478[39m:[33m3[39m - [33mwarning[39m [90m@azure-tools/typespec-azure-resource-manager/missing-x-ms-identifiers[39m: Missing identifying properties of objects in the array item, please add @identifiers(#["<prop>"]) to specify it. If there are no appropriate identifying properties, please add @identifiers(#[]).
> 1478 |   containerRegistryResults?: DiagnoseResult[];
       |   ^^^^^^^^^^^^^^^^^^^^^^^^
[36mdocs/generated-tsp/MachineLearningServices.Management.v2022_01_01_preview/models.tsp[39m:[33m1480[39m:[33m3[39m - [33mwarning[39m [90m@azure-tools/typespec-azure-resource-manager/missing-x-ms-identifiers[39m: Missing identifying properties of objects in the array item, please add @identifiers(#["<prop>"]) to specify it. If there are no appropriate identifying properties, please add @identifiers(#[]).
> 1480 |   applicationInsightsResults?: DiagnoseResult[];
       |   ^^^^^^^^^^^^^^^^^^^^^^^^^^
[36mdocs/generated-tsp/MachineLearningServices.Management.v2022_01_01_preview/models.tsp[39m:[33m1482[39m:[33m3[39m - [33mwarning[39m [90m@azure-tools/typespec-azure-resource-manager/missing-x-ms-identifiers[39m: Missing identifying properties of objects in the array item, please add @identifiers(#["<prop>"]) to specify it. If there are no appropriate identifying properties, please add @identifiers(#[]).
> 1482 |   otherResults?: DiagnoseResult[];
       |   ^^^^^^^^^^^^
[36mdocs/generated-tsp/MachineLearningServices.Management.v2022_01_01_preview/models.tsp[39m:[33m1512[39m:[33m3[39m - [33mwarning[39m [90m@azure-tools/typespec-azure-resource-manager/secret-prop[39m: Property 'userStorageKey' looks like it contains sensitive information. Consider marking it with @secret decorator to ensure it is handled securely.
> 1512 |   userStorageKey?: string;
       |   ^^^^^^^^^^^^^^
[36mdocs/generated-tsp/MachineLearningServices.Management.v2022_01_01_preview/models.tsp[39m:[33m1520[39m:[33m3[39m - [33mwarning[39m [90m@azure-tools/typespec-azure-resource-manager/secret-prop[39m: Property 'appInsightsInstrumentationKey' looks like it contains sensitive information. Consider marking it with @secret decorator to ensure it is handled securely.
> 1520 |   appInsightsInstrumentationKey?: string;
       |   ^^^^^^^^^^^^^^^^^^^^^^^^^^^^^
[36mdocs/generated-tsp/MachineLearningServices.Management.v2022_01_01_preview/models.tsp[39m:[33m1560[39m:[33m3[39m - [33mwarning[39m [90m@azure-tools/typespec-azure-resource-manager/secret-prop[39m: Property 'primaryAccessKey' looks like it contains sensitive information. Consider marking it with @secret decorator to ensure it is handled securely.
> 1560 |   primaryAccessKey?: string;
       |   ^^^^^^^^^^^^^^^^
[36mdocs/generated-tsp/MachineLearningServices.Management.v2022_01_01_preview/models.tsp[39m:[33m1564[39m:[33m3[39m - [33mwarning[39m [90m@azure-tools/typespec-azure-resource-manager/secret-prop[39m: Property 'secondaryAccessKey' looks like it contains sensitive information. Consider marking it with @secret decorator to ensure it is handled securely.
> 1564 |   secondaryAccessKey?: string;
       |   ^^^^^^^^^^^^^^^^^^
[36mdocs/generated-tsp/MachineLearningServices.Management.v2022_01_01_preview/models.tsp[39m:[33m1666[39m:[33m3[39m - [33mwarning[39m [90m@azure-tools/typespec-azure-core/casing-style[39m: The names of Property types must use camelCase
> 1666 |   vCPUs?: int32;
       |   ^^^^^
[36mdocs/generated-tsp/MachineLearningServices.Management.v2022_01_01_preview/models.tsp[39m:[33m1678[39m:[33m3[39m - [33mwarning[39m [90m@azure-tools/typespec-azure-core/casing-style[39m: The names of Property types must use camelCase
> 1678 |   osVhdSizeMB?: int32;
       |   ^^^^^^^^^^^
[36mdocs/generated-tsp/MachineLearningServices.Management.v2022_01_01_preview/models.tsp[39m:[33m1684[39m:[33m3[39m - [33mwarning[39m [90m@azure-tools/typespec-azure-core/casing-style[39m: The names of Property types must use camelCase
> 1684 |   maxResourceVolumeMB?: int32;
       |   ^^^^^^^^^^^^^^^^^^^
[36mdocs/generated-tsp/MachineLearningServices.Management.v2022_01_01_preview/models.tsp[39m:[33m1690[39m:[33m3[39m - [33mwarning[39m [90m@azure-tools/typespec-azure-core/casing-style[39m: The names of Property types must use camelCase
> 1690 |   memoryGB?: float64;
       |   ^^^^^^^^
[36mdocs/generated-tsp/MachineLearningServices.Management.v2022_01_01_preview/models.tsp[39m:[33m1702[39m:[33m3[39m - [33mwarning[39m [90m@azure-tools/typespec-azure-core/casing-style[39m: The names of Property types must use camelCase
> 1702 |   premiumIO?: boolean;
       |   ^^^^^^^^^
[36mdocs/generated-tsp/MachineLearningServices.Management.v2022_01_01_preview/models.tsp[39m:[33m1707[39m:[33m3[39m - [33mwarning[39m [90m@azure-tools/typespec-azure-core/casing-style[39m: The names of Property types must use camelCase
> 1707 |   estimatedVMPrices?: EstimatedVMPrices;
       |   ^^^^^^^^^^^^^^^^^
[36mdocs/generated-tsp/MachineLearningServices.Management.v2022_01_01_preview/models.tsp[39m:[33m1732[39m:[33m3[39m - [33mwarning[39m [90m@azure-tools/typespec-azure-resource-manager/missing-x-ms-identifiers[39m: Missing identifying properties of objects in the array item, please add @identifiers(#["<prop>"]) to specify it. If there are no appropriate identifying properties, please add @identifiers(#[]).
> 1732 |   values: EstimatedVMPrice[];
       |   ^^^^^^
[36mdocs/generated-tsp/MachineLearningServices.Management.v2022_01_01_preview/ComputeResource.tsp[39m:[33m20[39m:[33m6[39m - [33mwarning[39m [90m@azure-tools/typespec-azure-core/no-legacy-usage[39m: Referencing elements inside Legacy namespace "Azure.ResourceManager.Legacy" is not allowed.
> 20 |   is Azure.ResourceManager.Legacy.TrackedResourceWithOptionalLocation<{}> {
     |      ^^^^^^^^^^^^^^^^^^^^^^^^^^^^^^^^^^^^^^^^^^^^^^^^^^^^^^^^^^^^^^^^^^^^
[36mdocs/generated-tsp/MachineLearningServices.Management.v2022_01_01_preview/ComputeResource.tsp[39m:[33m20[39m:[33m71[39m - [33mwarning[39m [90m@azure-tools/typespec-azure-resource-manager/arm-resource-provisioning-state[39m: The RP-specific property model in the 'properties' property of this resource must contain a 'provisioningState property.  The property type should be an enum or a union of string values, and it must specify known state values 'Succeeded', 'Failed', and 'Canceled'.
> 20 |   is Azure.ResourceManager.Legacy.TrackedResourceWithOptionalLocation<{}> {
     |                                                                       ^^
[36mdocs/generated-tsp/MachineLearningServices.Management.v2022_01_01_preview/models.tsp[39m:[33m1975[39m:[33m7[39m - [33mwarning[39m [90m@azure-tools/typespec-azure-resource-manager/patch-envelope[39m: The Resource PATCH request for resource 'ComputeResource' is missing envelope properties:  [identity, sku, tags]. Since these properties are supported in the resource, they must also be updatable via PATCH.
> 1975 | model ClusterUpdateParameters {
       |       ^^^^^^^^^^^^^^^^^^^^^^^
[36mdocs/generated-tsp/MachineLearningServices.Management.v2022_01_01_preview/ComputeResource.tsp[39m:[33m20[39m:[33m71[39m - [33mwarning[39m [90m@azure-tools/typespec-azure-resource-manager/no-empty-model[39m: Properties with type:object must have definition of a reference model.
> 20 |   is Azure.ResourceManager.Legacy.TrackedResourceWithOptionalLocation<{}> {
     |                                                                       ^^
[36mdocs/generated-tsp/MachineLearningServices.Management.v2022_01_01_preview/models.tsp[39m:[33m2031[39m:[33m3[39m - [33mwarning[39m [90m@azure-tools/typespec-azure-resource-manager/missing-x-ms-identifiers[39m: Missing identifying properties of objects in the array item, please add @identifiers(#["<prop>"]) to specify it. If there are no appropriate identifying properties, please add @identifiers(#[]).
> 2031 |   nodes?: AmlComputeNodeInformation[];
       |   ^^^^^
[36mdocs/generated-tsp/MachineLearningServices.Management.v2022_01_01_preview/models.tsp[39m:[33m2098[39m:[33m3[39m - [33mwarning[39m [90m@azure-tools/typespec-azure-resource-manager/secret-prop[39m: Property 'accessToken' looks like it contains sensitive information. Consider marking it with @secret decorator to ensure it is handled securely.
> 2098 |   accessToken?: string;
       |   ^^^^^^^^^^^
[36mdocs/generated-tsp/MachineLearningServices.Management.v2022_01_01_preview/models.tsp[39m:[33m2110[39m:[33m3[39m - [33mwarning[39m [90m@azure-tools/typespec-azure-resource-manager/secret-prop[39m: Property 'refreshToken' looks like it contains sensitive information. Consider marking it with @secret decorator to ensure it is handled securely.
> 2110 |   refreshToken?: string;
       |   ^^^^^^^^^^^^
[36mdocs/generated-tsp/MachineLearningServices.Management.v2022_01_01_preview/models.tsp[39m:[33m2214[39m:[33m3[39m - [33mwarning[39m [90m@azure-tools/typespec-azure-resource-manager/secret-prop[39m: Property 'userStorageKey' looks like it contains sensitive information. Consider marking it with @secret decorator to ensure it is handled securely.
> 2214 |   userStorageKey?: string;
       |   ^^^^^^^^^^^^^^
[36mdocs/generated-tsp/MachineLearningServices.Management.v2022_01_01_preview/models.tsp[39m:[33m2257[39m:[33m3[39m - [33mwarning[39m [90m@azure-tools/typespec-azure-resource-manager/missing-x-ms-identifiers[39m: Missing identifying properties of objects in the array item, please add @identifiers(#["<prop>"]) to specify it. If there are no appropriate identifying properties, please add @identifiers(#[]).
> 2257 |   value?: FqdnEndpoints[];
       |   ^^^^^
[36mdocs/generated-tsp/MachineLearningServices.Management.v2022_01_01_preview/models.tsp[39m:[33m2271[39m:[33m3[39m - [33mwarning[39m [90m@azure-tools/typespec-azure-resource-manager/missing-x-ms-identifiers[39m: Missing identifying properties of objects in the array item, please add @identifiers(#["<prop>"]) to specify it. If there are no appropriate identifying properties, please add @identifiers(#[]).
> 2271 |   endpoints?: FqdnEndpoint[];
       |   ^^^^^^^^^
[36mdocs/generated-tsp/MachineLearningServices.Management.v2022_01_01_preview/models.tsp[39m:[33m2279[39m:[33m3[39m - [33mwarning[39m [90m@azure-tools/typespec-azure-resource-manager/missing-x-ms-identifiers[39m: Missing identifying properties of objects in the array item, please add @identifiers(#["<prop>"]) to specify it. If there are no appropriate identifying properties, please add @identifiers(#[]).
> 2279 |   endpointDetails?: FqdnEndpointDetail[];
       |   ^^^^^^^^^^^^^^^
[36mdocs/generated-tsp/MachineLearningServices.Management.v2022_01_01_preview/models.tsp[39m:[33m2332[39m:[33m3[39m - [33mwarning[39m [90m@azure-tools/typespec-azure-resource-manager/missing-x-ms-identifiers[39m: Missing identifying properties of objects in the array item, please add @identifiers(#["<prop>"]) to specify it. If there are no appropriate identifying properties, please add @identifiers(#[]).
> 2332 |   locationInfo?: ResourceSkuLocationInfo[];
       |   ^^^^^^^^^^^^
[36mdocs/generated-tsp/MachineLearningServices.Management.v2022_01_01_preview/models.tsp[39m:[33m2401[39m:[33m7[39m - [33mwarning[39m [90m@azure-tools/typespec-azure-core/casing-style[39m: The names of Model types must use PascalCase
> 2401 | model SKUCapability {
       |       ^^^^^^^^^^^^^
[36mdocs/generated-tsp/MachineLearningServices.Management.v2022_01_01_preview/models.tsp[39m:[33m2357[39m:[33m3[39m - [33mwarning[39m [90m@azure-tools/typespec-azure-resource-manager/missing-x-ms-identifiers[39m: Missing identifying properties of objects in the array item, please add @identifiers(#["<prop>"]) to specify it. If there are no appropriate identifying properties, please add @identifiers(#[]).
> 2357 |   restrictions?: Restriction[];
       |   ^^^^^^^^^^^^
[36mdocs/generated-tsp/MachineLearningServices.Management.v2022_01_01_preview/models.tsp[39m:[33m2448[39m:[33m7[39m - [33mwarning[39m [90m@azure-tools/typespec-azure-core/casing-style[39m: The names of Model types must use PascalCase
> 2448 | model AKS extends Compute {
       |       ^^^
[36mdocs/generated-tsp/MachineLearningServices.Management.v2022_01_01_preview/models.tsp[39m:[33m2463[39m:[33m7[39m - [33mwarning[39m [90m@azure-tools/typespec-azure-core/casing-style[39m: The names of Model types must use PascalCase
> 2463 | model AKSProperties {
       |       ^^^^^^^^^^^^^
[36mdocs/generated-tsp/MachineLearningServices.Management.v2022_01_01_preview/models.tsp[39m:[33m2473[39m:[33m3[39m - [33mwarning[39m [90m@azure-tools/typespec-azure-resource-manager/missing-x-ms-identifiers[39m: Missing identifying properties of objects in the array item, please add @identifiers(#["<prop>"]) to specify it. If there are no appropriate identifying properties, please add @identifiers(#[]).
> 2473 |   systemServices?: SystemService[];
       |   ^^^^^^^^^^^^^^
[36mdocs/generated-tsp/MachineLearningServices.Management.v2022_01_01_preview/models.tsp[39m:[33m2588[39m:[33m3[39m - [33mwarning[39m [90m@azure-tools/typespec-azure-core/casing-style[39m: The names of Property types must use camelCase
> 2588 |   dnsServiceIP?: string;
       |   ^^^^^^^^^^^^
[36mdocs/generated-tsp/MachineLearningServices.Management.v2022_01_01_preview/models.tsp[39m:[33m2910[39m:[33m3[39m - [33mwarning[39m [90m@azure-tools/typespec-azure-resource-manager/missing-x-ms-identifiers[39m: Missing identifying properties of objects in the array item, please add @identifiers(#["<prop>"]) to specify it. If there are no appropriate identifying properties, please add @identifiers(#[]).
> 2910 |   applications?: ComputeInstanceApplication[];
       |   ^^^^^^^^^^^^
[36mdocs/generated-tsp/MachineLearningServices.Management.v2022_01_01_preview/models.tsp[39m:[33m3198[39m:[33m3[39m - [33mwarning[39m [90m@azure-tools/typespec-azure-resource-manager/secret-prop[39m: Property 'password' looks like it contains sensitive information. Consider marking it with @secret decorator to ensure it is handled securely.
> 3198 |   password?: string;
       |   ^^^^^^^^
[36mdocs/generated-tsp/MachineLearningServices.Management.v2022_01_01_preview/models.tsp[39m:[33m3214[39m:[33m7[39m - [33mwarning[39m [90m@azure-tools/typespec-azure-core/casing-style[39m: The names of Model types must use PascalCase
> 3214 | model HDInsightProperties {
       |       ^^^^^^^^^^^^^^^^^^^
[36mdocs/generated-tsp/MachineLearningServices.Management.v2022_01_01_preview/models.tsp[39m:[33m3234[39m:[33m7[39m - [33mwarning[39m [90m@azure-tools/typespec-azure-core/casing-style[39m: The names of Model types must use PascalCase
> 3234 | model HDInsight extends Compute {
       |       ^^^^^^^^^
[36mdocs/generated-tsp/MachineLearningServices.Management.v2022_01_01_preview/models.tsp[39m:[33m3464[39m:[33m3[39m - [33mwarning[39m [90m@azure-tools/typespec-azure-resource-manager/secret-prop[39m: Property 'databricksAccessToken' looks like it contains sensitive information. Consider marking it with @secret decorator to ensure it is handled securely.
> 3464 |   databricksAccessToken?: string;
       |   ^^^^^^^^^^^^^^^^^^^^^
[36mdocs/generated-tsp/MachineLearningServices.Management.v2022_01_01_preview/models.tsp[39m:[33m3499[39m:[33m3[39m - [33mwarning[39m [90m@azure-tools/typespec-azure-core/casing-style[39m: The names of Property types must use camelCase
> 3499 |   memoryInGB?: float64;
       |   ^^^^^^^^^^
[36mdocs/generated-tsp/MachineLearningServices.Management.v2022_01_01_preview/models.tsp[39m:[33m3505[39m:[33m3[39m - [33mwarning[39m [90m@azure-tools/typespec-azure-core/casing-style[39m: The names of Property types must use camelCase
> 3505 |   memoryInGBLimit?: float64;
       |   ^^^^^^^^^^^^^^^
[36mdocs/generated-tsp/MachineLearningServices.Management.v2022_01_01_preview/ComputeResource.tsp[39m:[33m67[39m:[33m3[39m - [33mwarning[39m [90m@azure-tools/typespec-azure-resource-manager/arm-resource-patch[39m: Resource PATCH must contain the 'tags' property.
> 67 |   update is ArmCustomPatchAsync<
     |   ^^^^^^

Found 48 warnings.


